
> efd-react@1.3.1 build
> next build

 ⚠ Warning: Next.js inferred your workspace root, but it may not be correct.
 We detected multiple lockfiles and selected the directory of C:\Users\jacob\OneDrive\Desktop\Projects\crittercodes\EngelFineDesign\web\pnpm-lock.yaml as the root directory.
 To silence this warning, set `outputFileTracingRoot` in your Next.js config, or consider removing one of the lockfiles if it's not needed.
   See https://nextjs.org/docs/app/api-reference/config/next-config-js/output#caveats for more information.
 Detected additional lockfiles: 
   * C:\Users\jacob\OneDrive\Desktop\Projects\crittercodes\EngelFineDesign\web\efd-admin\pnpm-lock.yaml

   ▲ Next.js 15.5.9
   - Environments: .env.local, .env.production

   Creating an optimized production build ...
> [PWA] PWA support is disabled
> [PWA] PWA support is disabled
Terminate batch job (Y/N)? 
^Cnpm ERR! Lifecycle script `build` failed with error: 
npm ERR! Error: command failed 
npm ERR!   in workspace: efd-react@1.3.1 
npm ERR!   at location: C:\Users\jacob\OneDrive\Desktop\Projects\crittercodes\EngelFineDesign\web\efd-admin 
